error: account cannot be optional and allow multiples
  --> $DIR/account_optional_multiple.rs:10:39
   |
10 |         from_account(optional = true, multiple = true, desc = "Account"),
   |                                       ^^^^^^^^^^^^^^^
